// Jest Snapshot v1, https://goo.gl/fbAQLP

exports[`snapshot ToolHeader component 1`] = `
<header>
  <h2>
    The Tool
  </h2>
</header>
`;
